MPLINK 5.09, LINKER
Linker Map File - Created Sun Oct 09 22:37:46 2022

                                 Section Info
                  Section       Type    Address   Location Size(Bytes)
                ---------  ---------  ---------  ---------  ---------
                 RES_VECT       code   0x000000    program   0x000004
                   .cinit    romdata   0x000004    program   0x000002
                MAIN_PROG       code   0x000006    program   0x000076
.config_300001_BUILD/DEFAULT/PRODUCTION/BUTTON_    romdata   0x300001    program   0x000001
.config_300003_BUILD/DEFAULT/PRODUCTION/BUTTON_    romdata   0x300003    program   0x000001
.config_300006_BUILD/DEFAULT/PRODUCTION/BUTTON_    romdata   0x300006    program   0x000001
               .udata_acs      udata   0x000000       data   0x000003



                              Program Memory Usage 
                               Start         End      
                           ---------   ---------      
                            0x000000    0x00007b      
                            0x300001    0x300001      
                            0x300003    0x300003      
                            0x300006    0x300006      
            127 out of 33048 program addresses used, program memory utilization is 0%



                              Symbols - Sorted by Name
                     Name    Address   Location    Storage File                     
                ---------  ---------  ---------  --------- ---------                
                    AMBOS   0x00004c    program     static E:\UFC\Microprocessador\button_inc_dec.X\button_inc_desc.asm
               ATRASO1sec   0x000054    program     static E:\UFC\Microprocessador\button_inc_dec.X\button_inc_desc.asm
                ATRASO2ms   0x00006e    program     static E:\UFC\Microprocessador\button_inc_dec.X\button_inc_desc.asm
              ATRASO500ms   0x00005e    program     static E:\UFC\Microprocessador\button_inc_dec.X\button_inc_desc.asm
                     LOOP   0x000010    program     static E:\UFC\Microprocessador\button_inc_dec.X\button_inc_desc.asm
                  LOOP2ms   0x000072    program     static E:\UFC\Microprocessador\button_inc_dec.X\button_inc_desc.asm
                LOOP500ms   0x000062    program     static E:\UFC\Microprocessador\button_inc_dec.X\button_inc_desc.asm
                   NENHUM   0x000044    program     static E:\UFC\Microprocessador\button_inc_dec.X\button_inc_desc.asm
                    START   0x000006    program     static E:\UFC\Microprocessador\button_inc_dec.X\button_inc_desc.asm
                 SUM_CONT   0x000030    program     static E:\UFC\Microprocessador\button_inc_dec.X\button_inc_desc.asm
                      SW1   0x000038    program     static E:\UFC\Microprocessador\button_inc_dec.X\button_inc_desc.asm
                      SW2   0x00003e    program     static E:\UFC\Microprocessador\button_inc_dec.X\button_inc_desc.asm
                     CONT   0x000000       data     static E:\UFC\Microprocessador\button_inc_dec.X\button_inc_desc.asm
                 CONTA2ms   0x000002       data     static E:\UFC\Microprocessador\button_inc_dec.X\button_inc_desc.asm
               CONTA500ms   0x000001       data     static E:\UFC\Microprocessador\button_inc_dec.X\button_inc_desc.asm



                              Symbols - Sorted by Address
                     Name    Address   Location    Storage File                     
                ---------  ---------  ---------  --------- ---------                
                    START   0x000006    program     static E:\UFC\Microprocessador\button_inc_dec.X\button_inc_desc.asm
                     LOOP   0x000010    program     static E:\UFC\Microprocessador\button_inc_dec.X\button_inc_desc.asm
                 SUM_CONT   0x000030    program     static E:\UFC\Microprocessador\button_inc_dec.X\button_inc_desc.asm
                      SW1   0x000038    program     static E:\UFC\Microprocessador\button_inc_dec.X\button_inc_desc.asm
                      SW2   0x00003e    program     static E:\UFC\Microprocessador\button_inc_dec.X\button_inc_desc.asm
                   NENHUM   0x000044    program     static E:\UFC\Microprocessador\button_inc_dec.X\button_inc_desc.asm
                    AMBOS   0x00004c    program     static E:\UFC\Microprocessador\button_inc_dec.X\button_inc_desc.asm
               ATRASO1sec   0x000054    program     static E:\UFC\Microprocessador\button_inc_dec.X\button_inc_desc.asm
              ATRASO500ms   0x00005e    program     static E:\UFC\Microprocessador\button_inc_dec.X\button_inc_desc.asm
                LOOP500ms   0x000062    program     static E:\UFC\Microprocessador\button_inc_dec.X\button_inc_desc.asm
                ATRASO2ms   0x00006e    program     static E:\UFC\Microprocessador\button_inc_dec.X\button_inc_desc.asm
                  LOOP2ms   0x000072    program     static E:\UFC\Microprocessador\button_inc_dec.X\button_inc_desc.asm
                     CONT   0x000000       data     static E:\UFC\Microprocessador\button_inc_dec.X\button_inc_desc.asm
               CONTA500ms   0x000001       data     static E:\UFC\Microprocessador\button_inc_dec.X\button_inc_desc.asm
                 CONTA2ms   0x000002       data     static E:\UFC\Microprocessador\button_inc_dec.X\button_inc_desc.asm


