MPLINK 5.09, LINKER
Linker Map File - Created Sun Oct 16 10:19:22 2022

                                 Section Info
                  Section       Type    Address   Location Size(Bytes)
                ---------  ---------  ---------  ---------  ---------
                 RES_VECT       code   0x000000    program   0x000004
                   .cinit    romdata   0x000004    program   0x000002
                MAIN_PROG       code   0x000006    program   0x000056
.config_300001_BUILD/DEFAULT/DEBUG/BUTTON_INC_D    romdata   0x300001    program   0x000001
.config_300003_BUILD/DEFAULT/DEBUG/BUTTON_INC_D    romdata   0x300003    program   0x000001
.config_300006_BUILD/DEFAULT/DEBUG/BUTTON_INC_D    romdata   0x300006    program   0x000001
               .udata_acs      udata   0x000000       data   0x000003



                              Program Memory Usage 
                               Start         End      
                           ---------   ---------      
                            0x000000    0x00005b      
                            0x300001    0x300001      
                            0x300003    0x300003      
                            0x300006    0x300006      
            95 out of 33048 program addresses used, program memory utilization is 0%



                              Symbols - Sorted by Name
                     Name    Address   Location    Storage File                     
                ---------  ---------  ---------  --------- ---------                
               ATRASO1sec   0x000034    program     static E:\UFC\Microprocessador\button_inc_dec.X\button_inc_desc.asm
                ATRASO2ms   0x00004e    program     static E:\UFC\Microprocessador\button_inc_dec.X\button_inc_desc.asm
              ATRASO500ms   0x00003e    program     static E:\UFC\Microprocessador\button_inc_dec.X\button_inc_desc.asm
                     LOOP   0x000010    program     static E:\UFC\Microprocessador\button_inc_dec.X\button_inc_desc.asm
                  LOOP2ms   0x000052    program     static E:\UFC\Microprocessador\button_inc_dec.X\button_inc_desc.asm
                LOOP500ms   0x000042    program     static E:\UFC\Microprocessador\button_inc_dec.X\button_inc_desc.asm
                    START   0x000006    program     static E:\UFC\Microprocessador\button_inc_dec.X\button_inc_desc.asm
                      SW1   0x000020    program     static E:\UFC\Microprocessador\button_inc_dec.X\button_inc_desc.asm
                      SW2   0x00002a    program     static E:\UFC\Microprocessador\button_inc_dec.X\button_inc_desc.asm
                     CONT   0x000000       data     static E:\UFC\Microprocessador\button_inc_dec.X\button_inc_desc.asm
                 CONTA2ms   0x000002       data     static E:\UFC\Microprocessador\button_inc_dec.X\button_inc_desc.asm
               CONTA500ms   0x000001       data     static E:\UFC\Microprocessador\button_inc_dec.X\button_inc_desc.asm



                              Symbols - Sorted by Address
                     Name    Address   Location    Storage File                     
                ---------  ---------  ---------  --------- ---------                
                    START   0x000006    program     static E:\UFC\Microprocessador\button_inc_dec.X\button_inc_desc.asm
                     LOOP   0x000010    program     static E:\UFC\Microprocessador\button_inc_dec.X\button_inc_desc.asm
                      SW1   0x000020    program     static E:\UFC\Microprocessador\button_inc_dec.X\button_inc_desc.asm
                      SW2   0x00002a    program     static E:\UFC\Microprocessador\button_inc_dec.X\button_inc_desc.asm
               ATRASO1sec   0x000034    program     static E:\UFC\Microprocessador\button_inc_dec.X\button_inc_desc.asm
              ATRASO500ms   0x00003e    program     static E:\UFC\Microprocessador\button_inc_dec.X\button_inc_desc.asm
                LOOP500ms   0x000042    program     static E:\UFC\Microprocessador\button_inc_dec.X\button_inc_desc.asm
                ATRASO2ms   0x00004e    program     static E:\UFC\Microprocessador\button_inc_dec.X\button_inc_desc.asm
                  LOOP2ms   0x000052    program     static E:\UFC\Microprocessador\button_inc_dec.X\button_inc_desc.asm
                     CONT   0x000000       data     static E:\UFC\Microprocessador\button_inc_dec.X\button_inc_desc.asm
               CONTA500ms   0x000001       data     static E:\UFC\Microprocessador\button_inc_dec.X\button_inc_desc.asm
                 CONTA2ms   0x000002       data     static E:\UFC\Microprocessador\button_inc_dec.X\button_inc_desc.asm


