Microchip MPLAB XC8 Compiler V2.40

Linker command line:

-W-3 \
  --edf=C:\Program Files\microchip\xc8\v2.40\pic\dat\20220703182018_en.msgs \
  -cn -h+dist/default/production\jogo_teste_reflexos.X.production.sym \
  --cmf=dist/default/production\jogo_teste_reflexos.X.production.cmf -z \
  -Q18F4550 -oC:\Users\NEUVA_~1\AppData\Local\Temp\xcAs824.4 \
  --defsym=__MPLAB_BUILD=1 --fixupoverflow=error \
  -Mdist/default/production/jogo_teste_reflexos.X.production.map \
  --md=C:\Users\NEUVA_~1\AppData\Local\Temp\xcAs824.dat -E1 \
  -ver=XC8 Compiler --acfsm=1493 -ACODE=00h-07FFFh -ACONST=00h-07FFFh \
  -ASMALLCONST=0800h-08FFhx120 -AMEDIUMCONST=0800h-07FFFh -ACOMRAM=01h-05Fh \
  -AABS1=00h-07FFh -ABIGRAM=01h-07FFh -ARAM=060h-0FFh,0100h-01FFhx7 \
  -ABANK0=060h-0FFh -ABANK1=0100h-01FFh -ABANK2=0200h-02FFh \
  -ABANK3=0300h-03FFh -ABANK4=0400h-04FFh -ABANK5=0500h-05FFh \
  -ABANK6=0600h-06FFh -ABANK7=0700h-07FFh -ASFR=0F60h-0FFFh \
  -ABIGSFR=0F60h-0FFFh -ACONFIG=0300000h-030000Dh -AIDLOC=0200000h-0200007h \
  -AEEDATA=0F00000h-0F000FFh -peeprom_data=EEDATA \
  -preset_vec=00h,intcode=08h,intcodelo,powerup,init -pramtop=0800h \
  -psmallconst=SMALLCONST -pmediumconst=MEDIUMCONST -pconst=CONST \
  -AFARRAM=00h-00h \
  -prdata=COMRAM,nvrram=COMRAM,nvbit=COMRAM,rbss=COMRAM,rbit=COMRAM \
  -pfarbss=FARRAM,fardata=FARRAM,nvFARRAM=FARRAM \
  -pintsave_regs=BIGRAM,bigbss=BIGRAM,bigdata=BIGRAM -pbss=RAM \
  -pidata=CODE,irdata=CODE,ibigdata=CODE,ifardata=CODE -prparam=COMRAM \
  C:\Users\NEUVA_~1\AppData\Local\Temp\xcAs824.o \
  dist/default/production\jogo_teste_reflexos.X.production.o 

Object code version is 3.11

Machine type is 18F4550



                Name                               Link     Load   Length Selector   Space Scale
C:\Users\NEUVA_~1\AppData\Local\Temp\xcAs824.o
                idloc                            200000   200000        8        0       5
                config                           300000   300000        E        0       4
                init                                  E        E        4        4       0
                reset_vec                             0        0        4        0       0
dist/default/production\jogo_teste_reflexos.X.production.o
                intcode                               8        8        6        4       0
                idloc                            200000   200000        8        0       5
                config                           300000   300000        E        0       4
                temp                                 5F       5F        1        1       1
                smallconst                          800      800       28      400       0
                text35                             1B24     1B24       88      414       0
                text34                             2002     2002       24      414       0
                text33                             1EDA     1EDA       42      414       0
                text32                             1BAC     1BAC       82      414       0
                text31                             2046     2046       1A      414       0
                text30                             108A     108A      188      414       0
                text29                             1378     1378      164      414       0
                text28                             1F1C     1F1C       40      414       0
                text27                             207E     207E        E      414       0
                text26                             208C     208C        A      414       0
                text25                             1970     1970       96      414       0
                text24                             1E54     1E54       44      414       0
                text23                             1CAC     1CAC       7A      414       0
                text22                              AAA      AAA      27E      414       0
                text21                             178A     178A      14E      414       0
                text20                             1D78     1D78       4E      414       0
                text19                             1FDA     1FDA       28      414       0
                intcode_body                       14DC     14DC      15E      414       0
                text17                             1A98     1A98       8C      414       0
                text16                             1F5C     1F5C       2C      414       0
                text15                             1E0E     1E0E       46      414       0
                text14                             1A06     1A06       92      414       0
                text13                             2026     2026       20      414       0
                text12                              F00      F00      18A      414       0
                text11                             1212     1212      166      414       0
                text10                             1E98     1E98       42      414       0
                text9                              2060     2060       10      414       0
                text8                              2070     2070        E      414       0
                text7                              18D8     18D8       98      414       0
                text6                              1DC6     1DC6       48      414       0
                text5                              1C2E     1C2E       7E      414       0
                text4                               828      828      282      414       0
                text3                              163A     163A      150      414       0
                text2                              1D26     1D26       52      414       0
                text1                              1FB2     1FB2       28      414       0
                text0                               D28      D28      1D8      414       0
                cstackCOMRAM                          1        1       5E        1       1
                cstackBANK0                          60       60       76       60       1
                bssBANK1                            100      100       20      100       1
                bssBANK0                             D6       D6        F       60       1
                cinit                              1F88     1F88       2A      414       0

TOTAL           Name                               Link     Load   Length     Space
        CLASS   CODE           
                intcode                               8        8        6         0
                init                                  E        E        4         0
                reset_vec                             0        0        4         0
                text35                             1B24     1B24       88         0
                text34                             2002     2002       24         0
                text33                             1EDA     1EDA       42         0
                text32                             1BAC     1BAC       82         0
                text31                             2046     2046       1A         0
                text30                             108A     108A      188         0
                text29                             1378     1378      164         0
                text28                             1F1C     1F1C       40         0
                text27                             207E     207E        E         0
                text26                             208C     208C        A         0
                text25                             1970     1970       96         0
                text24                             1E54     1E54       44         0
                text23                             1CAC     1CAC       7A         0
                text22                              AAA      AAA      27E         0
                text21                             178A     178A      14E         0
                text20                             1D78     1D78       4E         0
                text19                             1FDA     1FDA       28         0
                intcode_body                       14DC     14DC      15E         0
                text17                             1A98     1A98       8C         0
                text16                             1F5C     1F5C       2C         0
                text15                             1E0E     1E0E       46         0
                text14                             1A06     1A06       92         0
                text13                             2026     2026       20         0
                text12                              F00      F00      18A         0
                text11                             1212     1212      166         0
                text10                             1E98     1E98       42         0
                text9                              2060     2060       10         0
                text8                              2070     2070        E         0
                text7                              18D8     18D8       98         0
                text6                              1DC6     1DC6       48         0
                text5                              1C2E     1C2E       7E         0
                text4                               828      828      282         0
                text3                              163A     163A      150         0
                text2                              1D26     1D26       52         0
                text1                              1FB2     1FB2       28         0
                text0                               D28      D28      1D8         0
                cinit                              1F88     1F88       2A         0

        CLASS   CONST          

        CLASS   SMALLCONST     
                smallconst                          800      800       28         0

        CLASS   MEDIUMCONST    

        CLASS   COMRAM         
                temp                                 5F       5F        1         1
                cstackCOMRAM                          1        1       5E         1

        CLASS   ABS1           

        CLASS   BIGRAM         

        CLASS   RAM            

        CLASS   BANK0          
                cstackBANK0                          60       60       76         1
                bssBANK0                             D6       D6        F         1

        CLASS   BANK1          
                bssBANK1                            100      100       20         1

        CLASS   BANK2          

        CLASS   BANK3          

        CLASS   BANK4          

        CLASS   BANK5          

        CLASS   BANK6          

        CLASS   BANK7          

        CLASS   SFR            

        CLASS   BIGSFR         

        CLASS   CONFIG         
                config                           300000   300000        E         4

        CLASS   IDLOC          
                idloc                            200000   200000        8         5

        CLASS   EEDATA         

        CLASS   FARRAM         

        CLASS   HEAP           

        CLASS   STACK          



SEGMENTS        Name                           Load    Length   Top    Selector   Space  Class

                reset_vec                      000000  000004  000004         0       0  CODE    
                cstackCOMRAM                   000001  00005F  000060         1       1  COMRAM  
                intcode                        000008  00000A  000012         4       0  CODE    
                cstackBANK0                    000060  000085  0000E5        60       1  BANK0   
                bssBANK1                       000100  000020  000120       100       1  BANK1   
                smallconst                     000800  000028  000828       400       0  SMALLCON
                text4                          000828  00186E  002096       414       0  CODE    


UNUSED ADDRESS RANGES

        Name                Unused          Largest block    Delta
        BANK0            0000E5-0000FF               1B
        BANK1            000120-0001FF               E0
        BANK2            000200-0002FF              100
        BANK3            000300-0003FF              100
        BANK4            000400-0004FF              100
        BANK5            000500-0005FF              100
        BANK6            000600-0006FF              100
        BANK7            000700-0007FF              100
        BIGRAM           0000E5-0000FF               1B
                         000120-0007FF              6E0
        BIGSFR           000F60-000FFF               A0
        CODE             000004-000007                4
                         000012-0007FF              7EE
                         002096-007FFF             5F6A
        CONST            000004-000007                4
                         000012-0007FF              7EE
                         002096-007FFF             5F6A
        EEDATA           F00000-F000FF              100
        MEDIUMCONST      002096-007FFF             5F6A
        RAM              0000E5-0000FF               1B
                         000120-0007FF              100
        SFR              000F60-000FFF               A0
        SMALLCONST       002096-007FFF              100

                                  Symbol Table

?___aodiv                   cstackBANK0  00006E
?___aomod                   cstackBANK0  00006E
?_abs                       cstackBANK0  000080
?_printf                    cstackBANK0  0000CC
?_vfprintf                  cstackBANK0  0000C4
?i2___aodiv                 cstackCOMRAM 000001
?i2___aomod                 cstackCOMRAM 000001
?i2_abs                     cstackCOMRAM 000013
?i2_printf                  cstackBANK0  000060
?i2_vfprintf                cstackCOMRAM 000057
_GIE                        (abs)        007F97
_INT0IE                     (abs)        007F94
_INT0IF                     (abs)        007F91
_INT1IE                     (abs)        007F83
_INT1IF                     (abs)        007F80
_INT2IE                     (abs)        007F84
_INT2IF                     (abs)        007F81
_PEIE                       (abs)        007F96
_PORTAbits                  (abs)        000F80
_PORTD                      (abs)        000F83
_PORTDbits                  (abs)        000F83
_PR2                        (abs)        000FCB
_T2CONbits                  (abs)        000FCA
_TMR2                       (abs)        000FCC
_TMR2IF                     (abs)        007CF1
_TRISAbits                  (abs)        000F92
_TRISBbits                  (abs)        000F93
_TRISD                      (abs)        000F95
__HRAM                      (abs)        000000
__Habs1                     abs1         000000
__Hbank0                    bank0        000000
__Hbank1                    bank1        000000
__Hbank2                    bank2        000000
__Hbank3                    bank3        000000
__Hbank4                    bank4        000000
__Hbank5                    bank5        000000
__Hbank6                    bank6        000000
__Hbank7                    bank7        000000
__Hbigbss                   bigbss       000000
__Hbigdata                  bigdata      000000
__Hbigram                   bigram       000000
__Hbigsfr                   bigsfr       000000
__Hbss                      bss          000000
__HbssBANK0                 bssBANK0     000000
__HbssBANK1                 bssBANK1     000000
__Hcinit                    cinit        000000
__Hclrtext                  clrtext      000000
__Hcomram                   comram       000000
__Hconfig                   config       30000E
__Hconst                    const        000000
__HcstackBANK0              cstackBANK0  000000
__HcstackCOMRAM             cstackCOMRAM 000000
__Hdata                     data         000000
__Heeprom_data              eeprom_data  000000
__Hfarbss                   farbss       000000
__Hfardata                  fardata      000000
__Hheap                     heap         000000
__Hibigdata                 ibigdata     000000
__Hidata                    idata        000000
__Hidloc                    idloc        200008
__Hifardata                 ifardata     000000
__Hinit                     init         000012
__Hintcode                  intcode      00000E
__Hintcode_body             intcode_body 000000
__Hintcodelo                intcodelo    00000E
__Hintentry                 intentry     000000
__Hintret                   intret       000000
__Hintsave_regs             intsave_regs 000000
__Hirdata                   irdata       000000
__Hmediumconst              mediumconst  000000
__HnvFARRAM                 nvFARRAM     000000
__Hnvbit                    nvbit        000000
__Hnvrram                   nvrram       000000
__Hparam                    rparam       000000
__Hpowerup                  powerup      00000E
__Hram                      ram          000000
__Hramtop                   ramtop       000800
__Hrbit                     rbit         000000
__Hrbss                     rbss         000000
__Hrdata                    rdata        000000
__Hreset_vec                reset_vec    000004
__Hrparam                   rparam       000000
__Hsfr                      sfr          000000
__Hsmallconst               smallconst   000828
__Hspace_0                  (abs)        002096
__Hspace_1                  (abs)        000120
__Hspace_2                  (abs)        000000
__Hspace_4                  (abs)        60000E
__Hstack                    stack        000000
__Hstruct                   struct       000000
__Htemp                     temp         000060
__Htext                     text         000000
__Htext0                    text0        000000
__Htext1                    text1        000000
__Htext10                   text10       000000
__Htext11                   text11       000000
__Htext12                   text12       000000
__Htext13                   text13       000000
__Htext14                   text14       000000
__Htext15                   text15       000000
__Htext16                   text16       000000
__Htext17                   text17       000000
__Htext19                   text19       000000
__Htext2                    text2        000000
__Htext20                   text20       000000
__Htext21                   text21       000000
__Htext22                   text22       000000
__Htext23                   text23       000000
__Htext24                   text24       000000
__Htext25                   text25       000000
__Htext26                   text26       000000
__Htext27                   text27       000000
__Htext28                   text28       000000
__Htext29                   text29       000000
__Htext3                    text3        000000
__Htext30                   text30       000000
__Htext31                   text31       000000
__Htext32                   text32       000000
__Htext33                   text33       000000
__Htext34                   text34       000000
__Htext35                   text35       000000
__Htext4                    text4        000000
__Htext5                    text5        000000
__Htext6                    text6        000000
__Htext7                    text7        000000
__Htext8                    text8        000000
__Htext9                    text9        000000
__LRAM                      (abs)        000001
__Labs1                     abs1         000000
__Lbank0                    bank0        000000
__Lbank1                    bank1        000000
__Lbank2                    bank2        000000
__Lbank3                    bank3        000000
__Lbank4                    bank4        000000
__Lbank5                    bank5        000000
__Lbank6                    bank6        000000
__Lbank7                    bank7        000000
__Lbigbss                   bigbss       000000
__Lbigdata                  bigdata      000000
__Lbigram                   bigram       000000
__Lbigsfr                   bigsfr       000000
__Lbss                      bss          000000
__LbssBANK0                 bssBANK0     000000
__LbssBANK1                 bssBANK1     000000
__Lcinit                    cinit        000000
__Lclrtext                  clrtext      000000
__Lcomram                   comram       000000
__Lconfig                   config       000000
__Lconst                    const        000000
__LcstackBANK0              cstackBANK0  000000
__LcstackCOMRAM             cstackCOMRAM 000000
__Ldata                     data         000000
__Leeprom_data              eeprom_data  000000
__Lfarbss                   farbss       000000
__Lfardata                  fardata      000000
__Lheap                     heap         000000
__Libigdata                 ibigdata     000000
__Lidata                    idata        000000
__Lidloc                    idloc        000000
__Lifardata                 ifardata     000000
__Linit                     init         00000E
__Lintcode                  intcode      000008
__Lintcode_body             intcode_body 000000
__Lintcodelo                intcodelo    00000E
__Lintentry                 intentry     000000
__Lintret                   intret       000000
__Lintsave_regs             intsave_regs 000000
__Lirdata                   irdata       000000
__Lmediumconst              mediumconst  000000
__LnvFARRAM                 nvFARRAM     000000
__Lnvbit                    nvbit        000000
__Lnvrram                   nvrram       000000
__Lparam                    rparam       000000
__Lpowerup                  powerup      00000E
__Lram                      ram          000000
__Lramtop                   ramtop       000800
__Lrbit                     rbit         000000
__Lrbss                     rbss         000000
__Lrdata                    rdata        000000
__Lreset_vec                reset_vec    000000
__Lrparam                   rparam       000000
__Lsfr                      sfr          000000
__Lsmallconst               smallconst   000800
__Lspace_0                  (abs)        000000
__Lspace_1                  (abs)        000000
__Lspace_2                  (abs)        000000
__Lspace_4                  (abs)        000000
__Lstack                    stack        000000
__Lstruct                   struct       000000
__Ltemp                     temp         00005F
__Ltext                     text         000000
__Ltext0                    text0        000000
__Ltext1                    text1        000000
__Ltext10                   text10       000000
__Ltext11                   text11       000000
__Ltext12                   text12       000000
__Ltext13                   text13       000000
__Ltext14                   text14       000000
__Ltext15                   text15       000000
__Ltext16                   text16       000000
__Ltext17                   text17       000000
__Ltext19                   text19       000000
__Ltext2                    text2        000000
__Ltext20                   text20       000000
__Ltext21                   text21       000000
__Ltext22                   text22       000000
__Ltext23                   text23       000000
__Ltext24                   text24       000000
__Ltext25                   text25       000000
__Ltext26                   text26       000000
__Ltext27                   text27       000000
__Ltext28                   text28       000000
__Ltext29                   text29       000000
__Ltext3                    text3        000000
__Ltext30                   text30       000000
__Ltext31                   text31       000000
__Ltext32                   text32       000000
__Ltext33                   text33       000000
__Ltext34                   text34       000000
__Ltext35                   text35       000000
__Ltext4                    text4        000000
__Ltext5                    text5        000000
__Ltext6                    text6        000000
__Ltext7                    text7        000000
__Ltext8                    text8        000000
__Ltext9                    text9        000000
__S0                        (abs)        002096
__S1                        (abs)        000120
__S4                        (abs)        000000
__S5                        (abs)        000000
___aodiv                    text12       000F00
___aodiv@counter            cstackBANK0  00007E
___aodiv@dividend           cstackBANK0  00006E
___aodiv@divisor            cstackBANK0  000076
___aodiv@quotient           cstackBANK0  000080
___aodiv@sign               cstackBANK0  00007F
___aomod                    text11       001212
___aomod@counter            cstackBANK0  00007E
___aomod@dividend           cstackBANK0  00006E
___aomod@divisor            cstackBANK0  000076
___aomod@sign               cstackBANK0  00007F
___heap_hi                  (abs)        000000
___heap_lo                  (abs)        000000
___inthi_sp                 stack        000000
___intlo_sp                 stack        000000
___param_bank               (abs)        000000
___rparam_used              (abs)        000001
___sp                       stack        000000
__accesstop                 (abs)        000060
__activetblptr              (abs)        000001
__end_of___aodiv            text12       00108A
__end_of___aomod            text11       001378
__end_of__initialization    cinit        001FA0
__end_of_abs                text10       001EDA
__end_of_caracter_inicio    text15       001E54
__end_of_dtoa               text4        000AAA
__end_of_envia_byte_lcd     text16       001F88
__end_of_envia_nibble_lcd   text17       001B24
__end_of_escreve_lcd        text9        002070
__end_of_fputc              text7        001970
__end_of_fputs              text6        001E0E
__end_of_inicializa_lcd     text14       001A98
__end_of_isr                intcode_body 00163A
__end_of_limpa_lcd          text13       002046
__end_of_main               text0        000F00
__end_of_pad                text5        001CAC
__end_of_printf             text1        001FDA
__end_of_putch              text8        00207E
__end_of_vfpfcnvrt          text3        00178A
__end_of_vfprintf           text2        001D78
__end_ofi2___aodiv          text30       001212
__end_ofi2___aomod          text29       0014DC
__end_ofi2_abs              text28       001F5C
__end_ofi2_caracter_inicio  text33       001F1C
__end_ofi2_dtoa             text22       000D28
__end_ofi2_envia_byte_lcd   text34       002026
__end_ofi2_envia_nibble_lcd text35       001BAC
__end_ofi2_escreve_lcd      text27       00208C
__end_ofi2_fputc            text25       001A06
__end_ofi2_fputs            text24       001E98
__end_ofi2_inicializa_lcd   text32       001C2E
__end_ofi2_limpa_lcd        text31       002060
__end_ofi2_pad              text23       001D26
__end_ofi2_printf           text19       002002
__end_ofi2_putch            text26       002096
__end_ofi2_vfpfcnvrt        text21       0018D8
__end_ofi2_vfprintf         text20       001DC6
__initialization            cinit        001F88
__mediumconst               mediumconst  000000
__pbssBANK0                 bssBANK0     0000D6
__pbssBANK1                 bssBANK1     000100
__pcinit                    cinit        001F88
__pcstackBANK0              cstackBANK0  000060
__pcstackCOMRAM             cstackCOMRAM 000001
__pintcode                  intcode      000008
__pintcode_body             intcode_body 0014DC
__psmallconst               smallconst   000800
__ptext0                    text0        000D28
__ptext1                    text1        001FB2
__ptext10                   text10       001E98
__ptext11                   text11       001212
__ptext12                   text12       000F00
__ptext13                   text13       002026
__ptext14                   text14       001A06
__ptext15                   text15       001E0E
__ptext16                   text16       001F5C
__ptext17                   text17       001A98
__ptext19                   text19       001FDA
__ptext2                    text2        001D26
__ptext20                   text20       001D78
__ptext21                   text21       00178A
__ptext22                   text22       000AAA
__ptext23                   text23       001CAC
__ptext24                   text24       001E54
__ptext25                   text25       001970
__ptext26                   text26       00208C
__ptext27                   text27       00207E
__ptext28                   text28       001F1C
__ptext29                   text29       001378
__ptext3                    text3        00163A
__ptext30                   text30       00108A
__ptext31                   text31       002046
__ptext32                   text32       001BAC
__ptext33                   text33       001EDA
__ptext34                   text34       002002
__ptext35                   text35       001B24
__ptext4                    text4        000828
__ptext5                    text5        001C2E
__ptext6                    text6        001DC6
__ptext7                    text7        0018D8
__ptext8                    text8        002070
__ptext9                    text9        002060
__ramtop                    ramtop       000800
__smallconst                smallconst   000800
_abs                        text10       001E98
_caracter_inicio            text15       001E0E
_cj1                        bssBANK0     0000DC
_cj2                        bssBANK0     0000DA
_dbuf                       bssBANK1     000100
_dtoa                       text4        000828
_dtoa$881                   cstackBANK0  0000A1
_envia_byte_lcd             text16       001F5C
_envia_nibble_lcd           text17       001A98
_escreve_lcd                text9        002060
_flags                      bssBANK0     0000E4
_fputc                      text7        0018D8
_fputs                      text6        001DC6
_inicializa_lcd             text14       001A06
_isr                        intcode      000008
_jogador1                   bssBANK0     0000E0
_jogador2                   bssBANK0     0000DE
_limpa_lcd                  text13       002026
_main                       text0        000D28
_mediador                   bssBANK0     0000E2
_pad                        text5        001C2E
_prec                       bssBANK0     0000D8
_printf                     text1        001FB2
_putch                      text8        002070
_vfpfcnvrt                  text3        00163A
_vfprintf                   text2        001D26
_width                      bssBANK0     0000D6
abs@a                       cstackBANK0  000080
btemp                       temp         00005F
caracter_inicio@coluna      cstackBANK0  000072
caracter_inicio@linha       cstackBANK0  000073
caracter_inicio@posicao     cstackBANK0  000074
dtoa@d                      cstackBANK0  000091
dtoa@fp                     cstackBANK0  00008F
dtoa@i                      cstackBANK0  0000AF
dtoa@n                      cstackBANK0  0000A7
dtoa@p                      cstackBANK0  0000A3
dtoa@s                      cstackBANK0  0000B1
dtoa@w                      cstackBANK0  0000A5
end_of_initialization       cinit        001FA0
envia_byte_lcd@dado         cstackBANK0  000070
envia_byte_lcd@endereco     cstackBANK0  000071
envia_nibble_lcd@dado       cstackBANK0  00006F
escreve_lcd@c               cstackBANK0  000072
fputc@c                     cstackBANK0  000074
fputc@fp                    cstackBANK0  000076
fputs@c                     cstackBANK0  000081
fputs@fp                    cstackBANK0  00007F
fputs@i                     cstackBANK0  000082
fputs@s                     cstackBANK0  00007D
i2___aodiv                  text30       00108A
i2___aodiv@counter          cstackCOMRAM 000011
i2___aodiv@dividend         cstackCOMRAM 000001
i2___aodiv@divisor          cstackCOMRAM 000009
i2___aodiv@quotient         cstackCOMRAM 000013
i2___aodiv@sign             cstackCOMRAM 000012
i2___aomod                  text29       001378
i2___aomod@counter          cstackCOMRAM 000011
i2___aomod@dividend         cstackCOMRAM 000001
i2___aomod@divisor          cstackCOMRAM 000009
i2___aomod@sign             cstackCOMRAM 000012
i2_abs                      text28       001F1C
i2_caracter_inicio          text33       001EDA
i2_dtoa                     text22       000AAA
i2_dtoa$881                 cstackCOMRAM 000034
i2_envia_byte_lcd           text34       002002
i2_envia_nibble_lcd         text35       001B24
i2_escreve_lcd              text27       00207E
i2_fputc                    text25       001970
i2_fputs                    text24       001E54
i2_inicializa_lcd           text32       001BAC
i2_limpa_lcd                text31       002046
i2_pad                      text23       001CAC
i2_printf                   text19       001FDA
i2_putch                    text26       00208C
i2_vfpfcnvrt                text21       00178A
i2_vfprintf                 text20       001D78
i2abs@a                     cstackCOMRAM 000013
i2caracter_inicio@coluna    cstackCOMRAM 000005
i2caracter_inicio@linha     cstackCOMRAM 000006
i2caracter_inicio@posicao   cstackCOMRAM 000007
i2dtoa@d                    cstackCOMRAM 000024
i2dtoa@fp                   cstackCOMRAM 000022
i2dtoa@i                    cstackCOMRAM 000042
i2dtoa@n                    cstackCOMRAM 00003A
i2dtoa@p                    cstackCOMRAM 000036
i2dtoa@s                    cstackCOMRAM 000044
i2dtoa@w                    cstackCOMRAM 000038
i2envia_byte_lcd@dado       cstackCOMRAM 000003
i2envia_byte_lcd@endereco   cstackCOMRAM 000004
i2envia_nibble_lcd@dado     cstackCOMRAM 000002
i2escreve_lcd@c             cstackCOMRAM 000005
i2fputc@c                   cstackCOMRAM 000007
i2fputc@fp                  cstackCOMRAM 000009
i2fputs@c                   cstackCOMRAM 000014
i2fputs@fp                  cstackCOMRAM 000012
i2fputs@i                   cstackCOMRAM 000015
i2fputs@s                   cstackCOMRAM 000010
i2pad@buf                   cstackCOMRAM 000019
i2pad@fp                    cstackCOMRAM 000017
i2pad@i                     cstackCOMRAM 00001E
i2pad@p                     cstackCOMRAM 00001B
i2pad@w                     cstackCOMRAM 000020
i2printf@ap                 cstackBANK0  000062
i2printf@fmt                cstackBANK0  000060
i2putch@data                cstackCOMRAM 000006
i2vfpfcnvrt@ap              cstackCOMRAM 000049
i2vfpfcnvrt@convarg         cstackCOMRAM 00004D
i2vfpfcnvrt@cp              cstackCOMRAM 000055
i2vfpfcnvrt@fmt             cstackCOMRAM 000047
i2vfpfcnvrt@fp              cstackCOMRAM 000045
i2vfprintf@ap               cstackCOMRAM 00005B
i2vfprintf@cfmt             cstackCOMRAM 00005D
i2vfprintf@fmt              cstackCOMRAM 000059
i2vfprintf@fp               cstackCOMRAM 000057
int$flags                   temp         00005F
int_func                    intcode_body 0014DC
intlevel0                   text         000000
intlevel1                   text         000000
intlevel2                   text         000000
intlevel3                   text         000000
isa$std                     (abs)        000001
isa$xinst                   (abs)        000000
main@inicio                 cstackBANK0  0000D4
pad@buf                     cstackBANK0  000086
pad@fp                      cstackBANK0  000084
pad@i                       cstackBANK0  00008B
pad@p                       cstackBANK0  000088
pad@w                       cstackBANK0  00008D
printf@ap                   cstackBANK0  0000D0
printf@fmt                  cstackBANK0  0000CC
putch@data                  cstackBANK0  000073
stackhi                     (abs)        000000
stacklo                     (abs)        000000
start                       init         00000E
start_initialization        cinit        001F88
ttemp5                      temp         000060
ttemp6                      temp         000063
ttemp7                      temp         000067
vfpfcnvrt@ap                cstackBANK0  0000B6
vfpfcnvrt@convarg           cstackBANK0  0000BA
vfpfcnvrt@cp                cstackBANK0  0000C2
vfpfcnvrt@fmt               cstackBANK0  0000B4
vfpfcnvrt@fp                cstackBANK0  0000B2
vfprintf@ap                 cstackBANK0  0000C8
vfprintf@cfmt               cstackBANK0  0000CA
vfprintf@fmt                cstackBANK0  0000C6
vfprintf@fp                 cstackBANK0  0000C4
wtemp8                      temp         000060


MODULE INFORMATION

Module		Function		Class		Link	Load	Size
C:\Program Files\microchip\xc8\v2.40\pic\sources\c99\common\aodiv.c
		___aodiv       		CODE           	0F00	0000	394

C:\Program Files\microchip\xc8\v2.40\pic\sources\c99\common\aodiv.c estimated size: 394

C:\Program Files\microchip\xc8\v2.40\pic\sources\c99\common\nf_fputs.c
		_fputs         		CODE           	1DC6	0000	72

C:\Program Files\microchip\xc8\v2.40\pic\sources\c99\common\nf_fputs.c estimated size: 72

C:\Program Files\microchip\xc8\v2.40\pic\sources\c99\common\doprnt.c
		_vfpfcnvrt     		CODE           	163A	0000	336
		_pad           		CODE           	1C2E	0000	126
		_dtoa          		CODE           	0828	0000	642
		_vfprintf      		CODE           	1D26	0000	82

C:\Program Files\microchip\xc8\v2.40\pic\sources\c99\common\doprnt.c estimated size: 1186

shared
		i2_printf      		CODE           	1FDA	0000	40
		i2_vfpfcnvrt   		CODE           	178A	0000	334
		i2_pad         		CODE           	1CAC	0000	122
		i2_abs         		CODE           	1F1C	0000	64
		i2_inicializa_lcd		CODE           	1BAC	0000	130
		i2_putch       		CODE           	208C	0000	10
		i2_vfprintf    		CODE           	1D78	0000	78
		i2_limpa_lcd   		CODE           	2046	0000	26
		i2_dtoa        		CODE           	0AAA	0000	638
		__initialization		CODE           	1F88	0000	24
		i2___aodiv     		CODE           	108A	0000	392
		i2_caracter_inicio		CODE           	1EDA	0000	66
		i2_envia_byte_lcd		CODE           	2002	0000	36
		i2_escreve_lcd 		CODE           	207E	0000	14
		i2___aomod     		CODE           	1378	0000	356
		i2_fputc       		CODE           	1970	0000	150
		i2_fputs       		CODE           	1E54	0000	68
		i2_envia_nibble_lcd		CODE           	1B24	0000	136

shared estimated size: 2684

lcd.c
		_escreve_lcd   		CODE           	2060	0000	16
		_caracter_inicio		CODE           	1E0E	0000	70
		_limpa_lcd     		CODE           	2026	0000	32
		_inicializa_lcd		CODE           	1A06	0000	146
		_envia_byte_lcd		CODE           	1F5C	0000	44
		_envia_nibble_lcd		CODE           	1A98	0000	140

lcd.c estimated size: 448

C:\Program Files\microchip\xc8\v2.40\pic\sources\c99\common\aomod.c
		___aomod       		CODE           	1212	0000	358

C:\Program Files\microchip\xc8\v2.40\pic\sources\c99\common\aomod.c estimated size: 358

C:\Program Files\microchip\xc8\v2.40\pic\sources\c99\common\nf_fputc.c
		_fputc         		CODE           	18D8	0000	152

C:\Program Files\microchip\xc8\v2.40\pic\sources\c99\common\nf_fputc.c estimated size: 152

main.c
		_putch         		CODE           	2070	0000	14
		_main          		CODE           	0D28	0000	472
		_isr           		CODE           	0008	0000	356

main.c estimated size: 842

C:\Program Files\microchip\xc8\v2.40\pic\sources\c99\common\abs.c
		_abs           		CODE           	1E98	0000	66

C:\Program Files\microchip\xc8\v2.40\pic\sources\c99\common\abs.c estimated size: 66

C:\Program Files\microchip\xc8\v2.40\pic\sources\c99\common\printf.c
		_printf        		CODE           	1FB2	0000	40

C:\Program Files\microchip\xc8\v2.40\pic\sources\c99\common\printf.c estimated size: 40

